// Jest Snapshot v1, https://jestjs.io/docs/snapshot-testing

exports[`JobItemComponent matches snapshot 1`] = `
<View
  style={
    {
      "borderColor": "#ddd",
      "borderRadius": 8,
      "borderWidth": 1,
      "marginHorizontal": 16,
      "marginVertical": 8,
      "padding": 12,
    }
  }
>
  <Text
    style={
      {
        "fontWeight": "bold",
        "marginBottom": 4,
      }
    }
  >
    UUID: 
    job-123
  </Text>
  <Text
    style={
      {
        "marginBottom": 4,
      }
    }
  >
    Número: 
    NF-001
  </Text>
  <Text>
    Status: 
    PENDENTE
  </Text>
  <View
    style={
      {
        "flexDirection": "row",
        "gap": 8,
        "marginTop": 12,
      }
    }
  >
    <View
      accessibilityState={
        {
          "busy": undefined,
          "checked": undefined,
          "disabled": false,
          "expanded": undefined,
          "selected": undefined,
        }
      }
      accessibilityValue={
        {
          "max": undefined,
          "min": undefined,
          "now": undefined,
          "text": undefined,
        }
      }
      accessible={true}
      collapsable={false}
      focusable={true}
      onClick={[Function]}
      onResponderGrant={[Function]}
      onResponderMove={[Function]}
      onResponderRelease={[Function]}
      onResponderTerminate={[Function]}
      onResponderTerminationRequest={[Function]}
      onStartShouldSetResponder={[Function]}
      style={
        {
          "alignItems": "center",
          "backgroundColor": "#007AFF",
          "borderRadius": 6,
          "flex": 1,
          "opacity": 1,
          "paddingHorizontal": 12,
          "paddingVertical": 8,
        }
      }
    >
      <Text
        style={
          [
            {
              "color": "white",
              "fontSize": 12,
              "fontWeight": "600",
            },
            false,
          ]
        }
      >
        Processar
      </Text>
    </View>
    <View
      accessibilityState={
        {
          "busy": undefined,
          "checked": undefined,
          "disabled": false,
          "expanded": undefined,
          "selected": undefined,
        }
      }
      accessibilityValue={
        {
          "max": undefined,
          "min": undefined,
          "now": undefined,
          "text": undefined,
        }
      }
      accessible={true}
      collapsable={false}
      focusable={true}
      onClick={[Function]}
      onResponderGrant={[Function]}
      onResponderMove={[Function]}
      onResponderRelease={[Function]}
      onResponderTerminate={[Function]}
      onResponderTerminationRequest={[Function]}
      onStartShouldSetResponder={[Function]}
      style={
        {
          "alignItems": "center",
          "backgroundColor": "#FF3B30",
          "borderRadius": 6,
          "flex": 1,
          "opacity": 1,
          "paddingHorizontal": 12,
          "paddingVertical": 8,
        }
      }
    >
      <Text
        style={
          [
            {
              "color": "white",
              "fontSize": 12,
              "fontWeight": "600",
            },
            false,
          ]
        }
      >
        Excluir
      </Text>
    </View>
  </View>
</View>
`;
