// Jest Snapshot v1, https://jestjs.io/docs/snapshot-testing

exports[`UploadSection matches snapshot 1`] = `
<View
  style={
    {
      "gap": 8,
      "marginBottom": 12,
    }
  }
>
  <Text
    style={
      [
        {
          "color": "#333333",
          "fontSize": 16,
        },
        {
          "color": "#333333",
          "fontWeight": "600",
        },
      ]
    }
  >
    Test
  </Text>
  <Text>
    Test Child
  </Text>
</View>
`;
