// Jest Snapshot v1, https://jestjs.io/docs/snapshot-testing

exports[`KanbanCard matches snapshot 1`] = `
<View
  collapsable={false}
  style={
    {
      "borderRadius": 8,
      "transform": [
        {
          "scale": 1,
        },
      ],
    }
  }
>
  <View
    accessibilityState={
      {
        "busy": undefined,
        "checked": undefined,
        "disabled": undefined,
        "expanded": undefined,
        "selected": undefined,
      }
    }
    accessibilityValue={
      {
        "max": undefined,
        "min": undefined,
        "now": undefined,
        "text": undefined,
      }
    }
    accessible={true}
    collapsable={false}
    focusable={true}
    onClick={[Function]}
    onResponderGrant={[Function]}
    onResponderMove={[Function]}
    onResponderRelease={[Function]}
    onResponderTerminate={[Function]}
    onResponderTerminationRequest={[Function]}
    onStartShouldSetResponder={[Function]}
    style={
      {
        "backgroundColor": "#99CD85",
        "borderColor": "rgba(0,0,0,0.1)",
        "borderRadius": 8,
        "borderWidth": 1,
        "elevation": 2,
        "marginBottom": 8,
        "opacity": 1,
        "padding": 12,
        "shadowColor": "#000",
        "shadowOffset": {
          "height": 2,
          "width": 0,
        },
        "shadowOpacity": 0.1,
        "shadowRadius": 4,
      }
    }
    testID="kanban-card"
  >
    <Text
      style={
        [
          {
            "fontSize": 16,
          },
          {
            "color": "#000000",
            "fontWeight": "bold",
          },
        ]
      }
    >
      Empresa Teste Ltda
    </Text>
    <Text
      style={
        [
          {
            "fontSize": 12,
          },
          {
            "color": "#49454f",
          },
        ]
      }
    >
      NF: 
      123456
    </Text>
    <Text
      style={
        [
          {
            "fontSize": 16,
          },
          {
            "color": "#99CD85",
            "fontWeight": "bold",
          },
        ]
      }
    >
      R$ 1.000,00
    </Text>
    <Text
      style={
        [
          {
            "fontSize": 12,
          },
          {
            "color": "#49454f",
          },
        ]
      }
    >
      98.765.432/0001-10
    </Text>
  </View>
</View>
`;
